10.254.21.11 - - [29/Mar/2019:10:39:34 +0800] "GET /1.html HTTP/1.1" 200 6 "-" "Mozilla/5.0 (Windows NT 6.1; Win64; x64) AppleWebKit/537.36 (KHTML, like Gecko) Chrome/73.0.3683.86 Safari/537.36"
10.254.21.11 - - [29/Mar/2019:10:39:35 +0800] "GET /favicon.ico HTTP/1.1" 302 5 "http://10.255.72.27:9111/1.html" "Mozilla/5.0 (Windows NT 6.1; Win64; x64) AppleWebKit/537.36 (KHTML, like Gecko) Chrome/73.0.3683.86 Safari/537.36"
10.254.21.11 - - [29/Mar/2019:10:39:35 +0800] "GET /404 HTTP/1.1" 200 1582 "http://10.255.72.27:9111/1.html" "Mozilla/5.0 (Windows NT 6.1; Win64; x64) AppleWebKit/537.36 (KHTML, like Gecko) Chrome/73.0.3683.86 Safari/537.36"
10.254.21.11 - - [29/Mar/2019:10:39:37 +0800] "GET / HTTP/1.1" 200 92 "-" "Mozilla/5.0 (Windows NT 6.1; Win64; x64) AppleWebKit/537.36 (KHTML, like Gecko) Chrome/73.0.3683.86 Safari/537.36"
10.254.21.11 - - [29/Mar/2019:10:39:37 +0800] "GET /general.html HTTP/1.1" 200 934 "http://10.255.72.27:9111/" "Mozilla/5.0 (Windows NT 6.1; Win64; x64) AppleWebKit/537.36 (KHTML, like Gecko) Chrome/73.0.3683.86 Safari/537.36"
10.254.21.11 - - [29/Mar/2019:10:39:37 +0800] "GET /favicon.ico HTTP/1.1" 499 0 "http://10.255.72.27:9111/" "Mozilla/5.0 (Windows NT 6.1; Win64; x64) AppleWebKit/537.36 (KHTML, like Gecko) Chrome/73.0.3683.86 Safari/537.36"
10.254.21.11 - - [29/Mar/2019:10:39:38 +0800] "GET /assets/bootstrap/css/bootstrap-responsive.min.css HTTP/1.1" 200 4328 "http://10.255.72.27:9111/general.html" "Mozilla/5.0 (Windows NT 6.1; Win64; x64) AppleWebKit/537.36 (KHTML, like Gecko) Chrome/73.0.3683.86 Safari/537.36"
10.254.21.11 - - [29/Mar/2019:10:39:38 +0800] "GET /assets/exporting.js HTTP/1.1" 200 9531 "http://10.255.72.27:9111/general.html" "Mozilla/5.0 (Windows NT 6.1; Win64; x64) AppleWebKit/537.36 (KHTML, like Gecko) Chrome/73.0.3683.86 Safari/537.36"
10.254.21.11 - - [29/Mar/2019:10:39:38 +0800] "GET /assets/bootstrap/css/bootstrap.min.css HTTP/1.1" 200 19671 "http://10.255.72.27:9111/general.html" "Mozilla/5.0 (Windows NT 6.1; Win64; x64) AppleWebKit/537.36 (KHTML, like Gecko) Chrome/73.0.3683.86 Safari/537.36"
10.254.21.11 - - [29/Mar/2019:10:39:38 +0800] "GET /assets/bootstrap/js/bootstrap.min.js HTTP/1.1" 200 25563 "http://10.255.72.27:9111/general.html" "Mozilla/5.0 (Windows NT 6.1; Win64; x64) AppleWebKit/537.36 (KHTML, like Gecko) Chrome/73.0.3683.86 Safari/537.36"
10.254.21.11 - - [29/Mar/2019:10:39:38 +0800] "GET /assets/jquery.min.js HTTP/1.1" 200 93436 "http://10.255.72.27:9111/general.html" "Mozilla/5.0 (Windows NT 6.1; Win64; x64) AppleWebKit/537.36 (KHTML, like Gecko) Chrome/73.0.3683.86 Safari/537.36"
10.254.21.11 - - [29/Mar/2019:10:39:38 +0800] "GET /assets/export-csv.js HTTP/1.1" 200 13540 "http://10.255.72.27:9111/general.html" "Mozilla/5.0 (Windows NT 6.1; Win64; x64) AppleWebKit/537.36 (KHTML, like Gecko) Chrome/73.0.3683.86 Safari/537.36"
10.254.21.11 - - [29/Mar/2019:10:39:38 +0800] "GET /assets/highstock.js HTTP/1.1" 200 258265 "http://10.255.72.27:9111/general.html" "Mozilla/5.0 (Windows NT 6.1; Win64; x64) AppleWebKit/537.36 (KHTML, like Gecko) Chrome/73.0.3683.86 Safari/537.36"
10.254.21.11 - - [29/Mar/2019:10:39:38 +0800] "GET /favicon.ico HTTP/1.1" 302 5 "http://10.255.72.27:9111/general.html" "Mozilla/5.0 (Windows NT 6.1; Win64; x64) AppleWebKit/537.36 (KHTML, like Gecko) Chrome/73.0.3683.86 Safari/537.36"
10.254.21.11 - - [29/Mar/2019:10:39:38 +0800] "GET /404 HTTP/1.1" 200 1582 "http://10.255.72.27:9111/general.html" "Mozilla/5.0 (Windows NT 6.1; Win64; x64) AppleWebKit/537.36 (KHTML, like Gecko) Chrome/73.0.3683.86 Safari/537.36"
10.254.21.11 - - [29/Mar/2019:10:39:45 +0800] "GET /activity/by_date.html HTTP/1.1" 200 4789 "http://10.255.72.27:9111/general.html" "Mozilla/5.0 (Windows NT 6.1; Win64; x64) AppleWebKit/537.36 (KHTML, like Gecko) Chrome/73.0.3683.86 Safari/537.36"
10.254.21.11 - - [29/Mar/2019:10:39:45 +0800] "GET /favicon.ico HTTP/1.1" 302 5 "http://10.255.72.27:9111/activity/by_date.html" "Mozilla/5.0 (Windows NT 6.1; Win64; x64) AppleWebKit/537.36 (KHTML, like Gecko) Chrome/73.0.3683.86 Safari/537.36"
10.254.21.11 - - [29/Mar/2019:10:39:45 +0800] "GET /404 HTTP/1.1" 200 1582 "http://10.255.72.27:9111/activity/by_date.html" "Mozilla/5.0 (Windows NT 6.1; Win64; x64) AppleWebKit/537.36 (KHTML, like Gecko) Chrome/73.0.3683.86 Safari/537.36"
10.254.21.11 - - [29/Mar/2019:10:39:48 +0800] "GET /activity/hour_of_day.html HTTP/1.1" 200 1512 "http://10.255.72.27:9111/activity/by_date.html" "Mozilla/5.0 (Windows NT 6.1; Win64; x64) AppleWebKit/537.36 (KHTML, like Gecko) Chrome/73.0.3683.86 Safari/537.36"
10.254.21.11 - - [29/Mar/2019:10:39:48 +0800] "GET /favicon.ico HTTP/1.1" 302 5 "http://10.255.72.27:9111/activity/hour_of_day.html" "Mozilla/5.0 (Windows NT 6.1; Win64; x64) AppleWebKit/537.36 (KHTML, like Gecko) Chrome/73.0.3683.86 Safari/537.36"
10.254.21.11 - - [29/Mar/2019:10:39:48 +0800] "GET /404 HTTP/1.1" 200 1582 "http://10.255.72.27:9111/activity/hour_of_day.html" "Mozilla/5.0 (Windows NT 6.1; Win64; x64) AppleWebKit/537.36 (KHTML, like Gecko) Chrome/73.0.3683.86 Safari/537.36"
10.254.21.11 - - [29/Mar/2019:10:39:52 +0800] "GET /activity/day_of_week.html HTTP/1.1" 200 1398 "http://10.255.72.27:9111/activity/hour_of_day.html" "Mozilla/5.0 (Windows NT 6.1; Win64; x64) AppleWebKit/537.36 (KHTML, like Gecko) Chrome/73.0.3683.86 Safari/537.36"
10.254.21.11 - - [29/Mar/2019:10:39:52 +0800] "GET /favicon.ico HTTP/1.1" 302 5 "http://10.255.72.27:9111/activity/day_of_week.html" "Mozilla/5.0 (Windows NT 6.1; Win64; x64) AppleWebKit/537.36 (KHTML, like Gecko) Chrome/73.0.3683.86 Safari/537.36"
10.254.21.11 - - [29/Mar/2019:10:39:52 +0800] "GET /404 HTTP/1.1" 200 1582 "http://10.255.72.27:9111/activity/day_of_week.html" "Mozilla/5.0 (Windows NT 6.1; Win64; x64) AppleWebKit/537.36 (KHTML, like Gecko) Chrome/73.0.3683.86 Safari/537.36"
10.254.21.11 - - [29/Mar/2019:10:39:53 +0800] "GET /activity/hour_of_week.html HTTP/1.1" 200 1468 "http://10.255.72.27:9111/activity/day_of_week.html" "Mozilla/5.0 (Windows NT 6.1; Win64; x64) AppleWebKit/537.36 (KHTML, like Gecko) Chrome/73.0.3683.86 Safari/537.36"
10.254.21.11 - - [29/Mar/2019:10:39:54 +0800] "GET /favicon.ico HTTP/1.1" 302 5 "http://10.255.72.27:9111/activity/hour_of_week.html" "Mozilla/5.0 (Windows NT 6.1; Win64; x64) AppleWebKit/537.36 (KHTML, like Gecko) Chrome/73.0.3683.86 Safari/537.36"
10.254.21.11 - - [29/Mar/2019:10:39:54 +0800] "GET /404 HTTP/1.1" 200 1582 "http://10.255.72.27:9111/activity/hour_of_week.html" "Mozilla/5.0 (Windows NT 6.1; Win64; x64) AppleWebKit/537.36 (KHTML, like Gecko) Chrome/73.0.3683.86 Safari/537.36"
10.254.21.11 - - [29/Mar/2019:10:39:55 +0800] "GET /activity/month_of_year.html HTTP/1.1" 200 1399 "http://10.255.72.27:9111/activity/hour_of_week.html" "Mozilla/5.0 (Windows NT 6.1; Win64; x64) AppleWebKit/537.36 (KHTML, like Gecko) Chrome/73.0.3683.86 Safari/537.36"
10.254.21.11 - - [29/Mar/2019:10:39:55 +0800] "GET /favicon.ico HTTP/1.1" 302 5 "http://10.255.72.27:9111/activity/month_of_year.html" "Mozilla/5.0 (Windows NT 6.1; Win64; x64) AppleWebKit/537.36 (KHTML, like Gecko) Chrome/73.0.3683.86 Safari/537.36"
10.254.21.11 - - [29/Mar/2019:10:39:55 +0800] "GET /404 HTTP/1.1" 200 1582 "http://10.255.72.27:9111/activity/month_of_year.html" "Mozilla/5.0 (Windows NT 6.1; Win64; x64) AppleWebKit/537.36 (KHTML, like Gecko) Chrome/73.0.3683.86 Safari/537.36"
10.254.21.11 - - [29/Mar/2019:10:39:56 +0800] "GET /activity/year.html HTTP/1.1" 200 1196 "http://10.255.72.27:9111/activity/month_of_year.html" "Mozilla/5.0 (Windows NT 6.1; Win64; x64) AppleWebKit/537.36 (KHTML, like Gecko) Chrome/73.0.3683.86 Safari/537.36"
10.254.21.11 - - [29/Mar/2019:10:39:56 +0800] "GET /favicon.ico HTTP/1.1" 302 5 "http://10.255.72.27:9111/activity/year.html" "Mozilla/5.0 (Windows NT 6.1; Win64; x64) AppleWebKit/537.36 (KHTML, like Gecko) Chrome/73.0.3683.86 Safari/537.36"
10.254.21.11 - - [29/Mar/2019:10:39:56 +0800] "GET /404 HTTP/1.1" 200 1582 "http://10.255.72.27:9111/activity/year.html" "Mozilla/5.0 (Windows NT 6.1; Win64; x64) AppleWebKit/537.36 (KHTML, like Gecko) Chrome/73.0.3683.86 Safari/537.36"
10.254.21.11 - - [29/Mar/2019:10:39:58 +0800] "GET /activity/year_month.html HTTP/1.1" 200 932 "http://10.255.72.27:9111/activity/year.html" "Mozilla/5.0 (Windows NT 6.1; Win64; x64) AppleWebKit/537.36 (KHTML, like Gecko) Chrome/73.0.3683.86 Safari/537.36"
10.254.21.11 - - [29/Mar/2019:10:39:58 +0800] "GET /favicon.ico HTTP/1.1" 302 5 "http://10.255.72.27:9111/activity/year_month.html" "Mozilla/5.0 (Windows NT 6.1; Win64; x64) AppleWebKit/537.36 (KHTML, like Gecko) Chrome/73.0.3683.86 Safari/537.36"
10.254.21.11 - - [29/Mar/2019:10:39:58 +0800] "GET /404 HTTP/1.1" 200 1582 "http://10.255.72.27:9111/activity/year_month.html" "Mozilla/5.0 (Windows NT 6.1; Win64; x64) AppleWebKit/537.36 (KHTML, like Gecko) Chrome/73.0.3683.86 Safari/537.36"
10.254.21.11 - - [29/Mar/2019:10:40:02 +0800] "GET /authors/best_authors.html HTTP/1.1" 200 1393 "http://10.255.72.27:9111/activity/year_month.html" "Mozilla/5.0 (Windows NT 6.1; Win64; x64) AppleWebKit/537.36 (KHTML, like Gecko) Chrome/73.0.3683.86 Safari/537.36"
10.254.21.11 - - [29/Mar/2019:10:40:02 +0800] "GET /favicon.ico HTTP/1.1" 302 5 "http://10.255.72.27:9111/authors/best_authors.html" "Mozilla/5.0 (Windows NT 6.1; Win64; x64) AppleWebKit/537.36 (KHTML, like Gecko) Chrome/73.0.3683.86 Safari/537.36"
10.254.21.11 - - [29/Mar/2019:10:40:02 +0800] "GET /404 HTTP/1.1" 200 1582 "http://10.255.72.27:9111/authors/best_authors.html" "Mozilla/5.0 (Windows NT 6.1; Win64; x64) AppleWebKit/537.36 (KHTML, like Gecko) Chrome/73.0.3683.86 Safari/537.36"
10.254.21.11 - - [29/Mar/2019:10:40:26 +0800] "GET /authors/jarvan/activity/by_date.html HTTP/1.1" 200 3361 "http://10.255.72.27:9111/authors/best_authors.html" "Mozilla/5.0 (Windows NT 6.1; Win64; x64) AppleWebKit/537.36 (KHTML, like Gecko) Chrome/73.0.3683.86 Safari/537.36"
10.254.21.11 - - [29/Mar/2019:10:40:26 +0800] "GET /favicon.ico HTTP/1.1" 302 5 "http://10.255.72.27:9111/authors/jarvan/activity/by_date.html" "Mozilla/5.0 (Windows NT 6.1; Win64; x64) AppleWebKit/537.36 (KHTML, like Gecko) Chrome/73.0.3683.86 Safari/537.36"
10.254.21.11 - - [29/Mar/2019:10:40:26 +0800] "GET /404 HTTP/1.1" 200 1582 "http://10.255.72.27:9111/authors/jarvan/activity/by_date.html" "Mozilla/5.0 (Windows NT 6.1; Win64; x64) AppleWebKit/537.36 (KHTML, like Gecko) Chrome/73.0.3683.86 Safari/537.36"
10.254.21.11 - - [29/Mar/2019:10:40:37 +0800] "GET /authors/jarvan/activity/hour_of_day.html HTTP/1.1" 200 1524 "http://10.255.72.27:9111/authors/jarvan/activity/by_date.html" "Mozilla/5.0 (Windows NT 6.1; Win64; x64) AppleWebKit/537.36 (KHTML, like Gecko) Chrome/73.0.3683.86 Safari/537.36"
10.254.21.11 - - [29/Mar/2019:10:40:37 +0800] "GET /favicon.ico HTTP/1.1" 302 5 "http://10.255.72.27:9111/authors/jarvan/activity/hour_of_day.html" "Mozilla/5.0 (Windows NT 6.1; Win64; x64) AppleWebKit/537.36 (KHTML, like Gecko) Chrome/73.0.3683.86 Safari/537.36"
10.254.21.11 - - [29/Mar/2019:10:40:37 +0800] "GET /404 HTTP/1.1" 200 1582 "http://10.255.72.27:9111/authors/jarvan/activity/hour_of_day.html" "Mozilla/5.0 (Windows NT 6.1; Win64; x64) AppleWebKit/537.36 (KHTML, like Gecko) Chrome/73.0.3683.86 Safari/537.36"
10.254.21.11 - - [29/Mar/2019:10:40:39 +0800] "GET /authors/jarvan/activity/day_of_week.html HTTP/1.1" 200 1437 "http://10.255.72.27:9111/authors/jarvan/activity/hour_of_day.html" "Mozilla/5.0 (Windows NT 6.1; Win64; x64) AppleWebKit/537.36 (KHTML, like Gecko) Chrome/73.0.3683.86 Safari/537.36"
10.254.21.11 - - [29/Mar/2019:10:40:39 +0800] "GET /favicon.ico HTTP/1.1" 302 5 "http://10.255.72.27:9111/authors/jarvan/activity/day_of_week.html" "Mozilla/5.0 (Windows NT 6.1; Win64; x64) AppleWebKit/537.36 (KHTML, like Gecko) Chrome/73.0.3683.86 Safari/537.36"
10.254.21.11 - - [29/Mar/2019:10:40:39 +0800] "GET /404 HTTP/1.1" 200 1582 "http://10.255.72.27:9111/authors/jarvan/activity/day_of_week.html" "Mozilla/5.0 (Windows NT 6.1; Win64; x64) AppleWebKit/537.36 (KHTML, like Gecko) Chrome/73.0.3683.86 Safari/537.36"
10.254.21.11 - - [29/Mar/2019:10:40:40 +0800] "GET /authors/jarvan/activity/hour_of_week.html HTTP/1.1" 200 1421 "http://10.255.72.27:9111/authors/jarvan/activity/day_of_week.html" "Mozilla/5.0 (Windows NT 6.1; Win64; x64) AppleWebKit/537.36 (KHTML, like Gecko) Chrome/73.0.3683.86 Safari/537.36"
10.254.21.11 - - [29/Mar/2019:10:40:40 +0800] "GET /favicon.ico HTTP/1.1" 302 5 "http://10.255.72.27:9111/authors/jarvan/activity/hour_of_week.html" "Mozilla/5.0 (Windows NT 6.1; Win64; x64) AppleWebKit/537.36 (KHTML, like Gecko) Chrome/73.0.3683.86 Safari/537.36"
10.254.21.11 - - [29/Mar/2019:10:40:40 +0800] "GET /404 HTTP/1.1" 200 1582 "http://10.255.72.27:9111/authors/jarvan/activity/hour_of_week.html" "Mozilla/5.0 (Windows NT 6.1; Win64; x64) AppleWebKit/537.36 (KHTML, like Gecko) Chrome/73.0.3683.86 Safari/537.36"
10.254.21.11 - - [29/Mar/2019:10:40:42 +0800] "GET /authors/jarvan/activity/month_of_year.html HTTP/1.1" 200 1434 "http://10.255.72.27:9111/authors/jarvan/activity/hour_of_week.html" "Mozilla/5.0 (Windows NT 6.1; Win64; x64) AppleWebKit/537.36 (KHTML, like Gecko) Chrome/73.0.3683.86 Safari/537.36"
10.254.21.11 - - [29/Mar/2019:10:40:42 +0800] "GET /favicon.ico HTTP/1.1" 302 5 "http://10.255.72.27:9111/authors/jarvan/activity/month_of_year.html" "Mozilla/5.0 (Windows NT 6.1; Win64; x64) AppleWebKit/537.36 (KHTML, like Gecko) Chrome/73.0.3683.86 Safari/537.36"
10.254.21.11 - - [29/Mar/2019:10:40:42 +0800] "GET /404 HTTP/1.1" 200 1582 "http://10.255.72.27:9111/authors/jarvan/activity/month_of_year.html" "Mozilla/5.0 (Windows NT 6.1; Win64; x64) AppleWebKit/537.36 (KHTML, like Gecko) Chrome/73.0.3683.86 Safari/537.36"
10.254.21.11 - - [29/Mar/2019:10:40:44 +0800] "GET /authors/jarvan/activity/year.html HTTP/1.1" 200 1233 "http://10.255.72.27:9111/authors/jarvan/activity/month_of_year.html" "Mozilla/5.0 (Windows NT 6.1; Win64; x64) AppleWebKit/537.36 (KHTML, like Gecko) Chrome/73.0.3683.86 Safari/537.36"
10.254.21.11 - - [29/Mar/2019:10:40:44 +0800] "GET /favicon.ico HTTP/1.1" 302 5 "http://10.255.72.27:9111/authors/jarvan/activity/year.html" "Mozilla/5.0 (Windows NT 6.1; Win64; x64) AppleWebKit/537.36 (KHTML, like Gecko) Chrome/73.0.3683.86 Safari/537.36"
10.254.21.11 - - [29/Mar/2019:10:40:44 +0800] "GET /404 HTTP/1.1" 200 1582 "http://10.255.72.27:9111/authors/jarvan/activity/year.html" "Mozilla/5.0 (Windows NT 6.1; Win64; x64) AppleWebKit/537.36 (KHTML, like Gecko) Chrome/73.0.3683.86 Safari/537.36"
10.254.21.11 - - [29/Mar/2019:10:40:45 +0800] "GET /authors/jarvan/activity/year_month.html HTTP/1.1" 200 976 "http://10.255.72.27:9111/authors/jarvan/activity/year.html" "Mozilla/5.0 (Windows NT 6.1; Win64; x64) AppleWebKit/537.36 (KHTML, like Gecko) Chrome/73.0.3683.86 Safari/537.36"
10.254.21.11 - - [29/Mar/2019:10:40:45 +0800] "GET /favicon.ico HTTP/1.1" 302 5 "http://10.255.72.27:9111/authors/jarvan/activity/year_month.html" "Mozilla/5.0 (Windows NT 6.1; Win64; x64) AppleWebKit/537.36 (KHTML, like Gecko) Chrome/73.0.3683.86 Safari/537.36"
10.254.21.11 - - [29/Mar/2019:10:40:45 +0800] "GET /404 HTTP/1.1" 200 1582 "http://10.255.72.27:9111/authors/jarvan/activity/year_month.html" "Mozilla/5.0 (Windows NT 6.1; Win64; x64) AppleWebKit/537.36 (KHTML, like Gecko) Chrome/73.0.3683.86 Safari/537.36"
10.254.21.11 - - [29/Mar/2019:10:40:46 +0800] "GET /files/by_date.html HTTP/1.1" 200 1623 "http://10.255.72.27:9111/authors/jarvan/activity/year_month.html" "Mozilla/5.0 (Windows NT 6.1; Win64; x64) AppleWebKit/537.36 (KHTML, like Gecko) Chrome/73.0.3683.86 Safari/537.36"
10.254.21.11 - - [29/Mar/2019:10:40:46 +0800] "GET /favicon.ico HTTP/1.1" 302 5 "http://10.255.72.27:9111/files/by_date.html" "Mozilla/5.0 (Windows NT 6.1; Win64; x64) AppleWebKit/537.36 (KHTML, like Gecko) Chrome/73.0.3683.86 Safari/537.36"
10.254.21.11 - - [29/Mar/2019:10:40:46 +0800] "GET /404 HTTP/1.1" 200 1582 "http://10.255.72.27:9111/files/by_date.html" "Mozilla/5.0 (Windows NT 6.1; Win64; x64) AppleWebKit/537.36 (KHTML, like Gecko) Chrome/73.0.3683.86 Safari/537.36"
10.254.21.11 - - [29/Mar/2019:10:40:49 +0800] "GET /files/by_extension.html HTTP/1.1" 200 1372 "http://10.255.72.27:9111/files/by_date.html" "Mozilla/5.0 (Windows NT 6.1; Win64; x64) AppleWebKit/537.36 (KHTML, like Gecko) Chrome/73.0.3683.86 Safari/537.36"
10.254.21.11 - - [29/Mar/2019:10:40:49 +0800] "GET /favicon.ico HTTP/1.1" 302 5 "http://10.255.72.27:9111/files/by_extension.html" "Mozilla/5.0 (Windows NT 6.1; Win64; x64) AppleWebKit/537.36 (KHTML, like Gecko) Chrome/73.0.3683.86 Safari/537.36"
10.254.21.11 - - [29/Mar/2019:10:40:49 +0800] "GET /404 HTTP/1.1" 200 1582 "http://10.255.72.27:9111/files/by_extension.html" "Mozilla/5.0 (Windows NT 6.1; Win64; x64) AppleWebKit/537.36 (KHTML, like Gecko) Chrome/73.0.3683.86 Safari/537.36"
10.254.21.159 - - [29/Mar/2019:10:40:50 +0800] "GET / HTTP/1.1" 200 92 "-" "Mozilla/5.0 (Windows NT 6.1; WOW64) AppleWebKit/537.36 (KHTML, like Gecko) Chrome/39.0.2171.95 Safari/537.36 MicroMessenger/6.5.2.501 NetType/WIFI WindowsWechat QBCore/3.43.1021.400 QQBrowser/9.0.2524.400"
10.254.21.159 - - [29/Mar/2019:10:40:51 +0800] "GET /general.html HTTP/1.1" 200 934 "http://10.255.72.27:9111/" "Mozilla/5.0 (Windows NT 6.1; WOW64) AppleWebKit/537.36 (KHTML, like Gecko) Chrome/39.0.2171.95 Safari/537.36 MicroMessenger/6.5.2.501 NetType/WIFI WindowsWechat QBCore/3.43.1021.400 QQBrowser/9.0.2524.400"
10.254.21.159 - - [29/Mar/2019:10:40:51 +0800] "GET /assets/bootstrap/css/bootstrap.min.css HTTP/1.1" 200 19671 "http://10.255.72.27:9111/general.html" "Mozilla/5.0 (Windows NT 6.1; WOW64) AppleWebKit/537.36 (KHTML, like Gecko) Chrome/39.0.2171.95 Safari/537.36 MicroMessenger/6.5.2.501 NetType/WIFI WindowsWechat QBCore/3.43.1021.400 QQBrowser/9.0.2524.400"
10.254.21.159 - - [29/Mar/2019:10:40:51 +0800] "GET /assets/bootstrap/css/bootstrap-responsive.min.css HTTP/1.1" 200 4328 "http://10.255.72.27:9111/general.html" "Mozilla/5.0 (Windows NT 6.1; WOW64) AppleWebKit/537.36 (KHTML, like Gecko) Chrome/39.0.2171.95 Safari/537.36 MicroMessenger/6.5.2.501 NetType/WIFI WindowsWechat QBCore/3.43.1021.400 QQBrowser/9.0.2524.400"
10.254.21.159 - - [29/Mar/2019:10:40:51 +0800] "GET /assets/exporting.js HTTP/1.1" 200 9531 "http://10.255.72.27:9111/general.html" "Mozilla/5.0 (Windows NT 6.1; WOW64) AppleWebKit/537.36 (KHTML, like Gecko) Chrome/39.0.2171.95 Safari/537.36 MicroMessenger/6.5.2.501 NetType/WIFI WindowsWechat QBCore/3.43.1021.400 QQBrowser/9.0.2524.400"
10.254.21.159 - - [29/Mar/2019:10:40:51 +0800] "GET /assets/bootstrap/js/bootstrap.min.js HTTP/1.1" 200 25563 "http://10.255.72.27:9111/general.html" "Mozilla/5.0 (Windows NT 6.1; WOW64) AppleWebKit/537.36 (KHTML, like Gecko) Chrome/39.0.2171.95 Safari/537.36 MicroMessenger/6.5.2.501 NetType/WIFI WindowsWechat QBCore/3.43.1021.400 QQBrowser/9.0.2524.400"
10.254.21.159 - - [29/Mar/2019:10:40:51 +0800] "GET /assets/jquery.min.js HTTP/1.1" 200 93436 "http://10.255.72.27:9111/general.html" "Mozilla/5.0 (Windows NT 6.1; WOW64) AppleWebKit/537.36 (KHTML, like Gecko) Chrome/39.0.2171.95 Safari/537.36 MicroMessenger/6.5.2.501 NetType/WIFI WindowsWechat QBCore/3.43.1021.400 QQBrowser/9.0.2524.400"
10.254.21.159 - - [29/Mar/2019:10:40:51 +0800] "GET /assets/export-csv.js HTTP/1.1" 200 13540 "http://10.255.72.27:9111/general.html" "Mozilla/5.0 (Windows NT 6.1; WOW64) AppleWebKit/537.36 (KHTML, like Gecko) Chrome/39.0.2171.95 Safari/537.36 MicroMessenger/6.5.2.501 NetType/WIFI WindowsWechat QBCore/3.43.1021.400 QQBrowser/9.0.2524.400"
10.254.21.159 - - [29/Mar/2019:10:40:51 +0800] "GET /assets/highstock.js HTTP/1.1" 200 258265 "http://10.255.72.27:9111/general.html" "Mozilla/5.0 (Windows NT 6.1; WOW64) AppleWebKit/537.36 (KHTML, like Gecko) Chrome/39.0.2171.95 Safari/537.36 MicroMessenger/6.5.2.501 NetType/WIFI WindowsWechat QBCore/3.43.1021.400 QQBrowser/9.0.2524.400"
10.254.21.11 - - [29/Mar/2019:10:40:55 +0800] "GET /lines/by_date.html HTTP/1.1" 200 1742 "http://10.255.72.27:9111/files/by_extension.html" "Mozilla/5.0 (Windows NT 6.1; Win64; x64) AppleWebKit/537.36 (KHTML, like Gecko) Chrome/73.0.3683.86 Safari/537.36"
10.254.21.11 - - [29/Mar/2019:10:40:55 +0800] "GET /favicon.ico HTTP/1.1" 302 5 "http://10.255.72.27:9111/lines/by_date.html" "Mozilla/5.0 (Windows NT 6.1; Win64; x64) AppleWebKit/537.36 (KHTML, like Gecko) Chrome/73.0.3683.86 Safari/537.36"
10.254.21.11 - - [29/Mar/2019:10:40:55 +0800] "GET /404 HTTP/1.1" 200 1582 "http://10.255.72.27:9111/lines/by_date.html" "Mozilla/5.0 (Windows NT 6.1; Win64; x64) AppleWebKit/537.36 (KHTML, like Gecko) Chrome/73.0.3683.86 Safari/537.36"
10.254.21.159 - - [29/Mar/2019:10:41:00 +0800] "GET /authors/best_authors.html HTTP/1.1" 200 1393 "http://10.255.72.27:9111/general.html" "Mozilla/5.0 (Windows NT 6.1; WOW64) AppleWebKit/537.36 (KHTML, like Gecko) Chrome/39.0.2171.95 Safari/537.36 MicroMessenger/6.5.2.501 NetType/WIFI WindowsWechat QBCore/3.43.1021.400 QQBrowser/9.0.2524.400"
10.254.21.11 - - [29/Mar/2019:10:41:04 +0800] "GET /favicon.ico HTTP/1.1" 302 5 "http://10.255.72.27:9111/lines/by_date.html" "Mozilla/5.0 (Windows NT 6.1; Win64; x64) AppleWebKit/537.36 (KHTML, like Gecko) Chrome/73.0.3683.86 Safari/537.36"
10.254.21.11 - - [29/Mar/2019:10:41:04 +0800] "GET /404 HTTP/1.1" 200 1582 "http://10.255.72.27:9111/lines/by_date.html" "Mozilla/5.0 (Windows NT 6.1; Win64; x64) AppleWebKit/537.36 (KHTML, like Gecko) Chrome/73.0.3683.86 Safari/537.36"
10.254.21.11 - - [29/Mar/2019:10:41:05 +0800] "GET /comments/by_date.html HTTP/1.1" 200 1571 "http://10.255.72.27:9111/lines/by_date.html" "Mozilla/5.0 (Windows NT 6.1; Win64; x64) AppleWebKit/537.36 (KHTML, like Gecko) Chrome/73.0.3683.86 Safari/537.36"
10.254.21.11 - - [29/Mar/2019:10:41:06 +0800] "GET /favicon.ico HTTP/1.1" 302 5 "http://10.255.72.27:9111/comments/by_date.html" "Mozilla/5.0 (Windows NT 6.1; Win64; x64) AppleWebKit/537.36 (KHTML, like Gecko) Chrome/73.0.3683.86 Safari/537.36"
10.254.21.11 - - [29/Mar/2019:10:41:06 +0800] "GET /404 HTTP/1.1" 200 1582 "http://10.255.72.27:9111/comments/by_date.html" "Mozilla/5.0 (Windows NT 6.1; Win64; x64) AppleWebKit/537.36 (KHTML, like Gecko) Chrome/73.0.3683.86 Safari/537.36"
10.254.21.11 - - [29/Mar/2019:10:41:09 +0800] "GET /favicon.ico HTTP/1.1" 302 5 "http://10.255.72.27:9111/authors/best_authors.html" "Mozilla/5.0 (Windows NT 6.1; Win64; x64) AppleWebKit/537.36 (KHTML, like Gecko) Chrome/73.0.3683.86 Safari/537.36"
10.254.21.11 - - [29/Mar/2019:10:41:09 +0800] "GET /404 HTTP/1.1" 200 1582 "http://10.255.72.27:9111/authors/best_authors.html" "Mozilla/5.0 (Windows NT 6.1; Win64; x64) AppleWebKit/537.36 (KHTML, like Gecko) Chrome/73.0.3683.86 Safari/537.36"
10.254.21.11 - - [29/Mar/2019:10:41:17 +0800] "GET /assets/bootstrap/css/bootstrap.min.css HTTP/1.1" 304 0 "http://10.255.72.27:9111/authors/jarvan/activity/by_date.html" "Mozilla/5.0 (Windows NT 6.1; Win64; x64) AppleWebKit/537.36 (KHTML, like Gecko) Chrome/73.0.3683.86 Safari/537.36"
10.254.21.11 - - [29/Mar/2019:10:41:17 +0800] "GET /assets/bootstrap/css/bootstrap-responsive.min.css HTTP/1.1" 304 0 "http://10.255.72.27:9111/authors/jarvan/activity/by_date.html" "Mozilla/5.0 (Windows NT 6.1; Win64; x64) AppleWebKit/537.36 (KHTML, like Gecko) Chrome/73.0.3683.86 Safari/537.36"
10.254.21.11 - - [29/Mar/2019:10:41:17 +0800] "GET /assets/jquery.min.js HTTP/1.1" 304 0 "http://10.255.72.27:9111/authors/jarvan/activity/by_date.html" "Mozilla/5.0 (Windows NT 6.1; Win64; x64) AppleWebKit/537.36 (KHTML, like Gecko) Chrome/73.0.3683.86 Safari/537.36"
10.254.21.11 - - [29/Mar/2019:10:41:17 +0800] "GET /assets/bootstrap/js/bootstrap.min.js HTTP/1.1" 304 0 "http://10.255.72.27:9111/authors/jarvan/activity/by_date.html" "Mozilla/5.0 (Windows NT 6.1; Win64; x64) AppleWebKit/537.36 (KHTML, like Gecko) Chrome/73.0.3683.86 Safari/537.36"
10.254.21.11 - - [29/Mar/2019:10:41:17 +0800] "GET /assets/highstock.js HTTP/1.1" 304 0 "http://10.255.72.27:9111/authors/jarvan/activity/by_date.html" "Mozilla/5.0 (Windows NT 6.1; Win64; x64) AppleWebKit/537.36 (KHTML, like Gecko) Chrome/73.0.3683.86 Safari/537.36"
10.254.21.11 - - [29/Mar/2019:10:41:17 +0800] "GET /assets/exporting.js HTTP/1.1" 304 0 "http://10.255.72.27:9111/authors/jarvan/activity/by_date.html" "Mozilla/5.0 (Windows NT 6.1; Win64; x64) AppleWebKit/537.36 (KHTML, like Gecko) Chrome/73.0.3683.86 Safari/537.36"
10.254.21.11 - - [29/Mar/2019:10:41:17 +0800] "GET /assets/export-csv.js HTTP/1.1" 304 0 "http://10.255.72.27:9111/authors/jarvan/activity/by_date.html" "Mozilla/5.0 (Windows NT 6.1; Win64; x64) AppleWebKit/537.36 (KHTML, like Gecko) Chrome/73.0.3683.86 Safari/537.36"
10.254.21.11 - - [29/Mar/2019:10:41:17 +0800] "GET /favicon.ico HTTP/1.1" 302 5 "http://10.255.72.27:9111/authors/jarvan/activity/by_date.html" "Mozilla/5.0 (Windows NT 6.1; Win64; x64) AppleWebKit/537.36 (KHTML, like Gecko) Chrome/73.0.3683.86 Safari/537.36"
10.254.21.11 - - [29/Mar/2019:10:41:17 +0800] "GET /404 HTTP/1.1" 200 1582 "http://10.255.72.27:9111/authors/jarvan/activity/by_date.html" "Mozilla/5.0 (Windows NT 6.1; Win64; x64) AppleWebKit/537.36 (KHTML, like Gecko) Chrome/73.0.3683.86 Safari/537.36"
10.254.124.65 - - [29/Mar/2019:10:41:18 +0800] "GET / HTTP/1.1" 200 92 "-" "Mozilla/5.0 (Windows NT 6.1; WOW64) AppleWebKit/537.36 (KHTML, like Gecko) Chrome/39.0.2171.95 Safari/537.36 MicroMessenger/6.5.2.501 NetType/WIFI WindowsWechat QBCore/3.43.691.400 QQBrowser/9.0.2524.400"
10.254.124.65 - - [29/Mar/2019:10:41:18 +0800] "GET /general.html HTTP/1.1" 200 934 "http://10.255.72.27:9111/" "Mozilla/5.0 (Windows NT 6.1; WOW64) AppleWebKit/537.36 (KHTML, like Gecko) Chrome/39.0.2171.95 Safari/537.36 MicroMessenger/6.5.2.501 NetType/WIFI WindowsWechat QBCore/3.43.691.400 QQBrowser/9.0.2524.400"
10.254.124.65 - - [29/Mar/2019:10:41:19 +0800] "GET /assets/bootstrap/css/bootstrap-responsive.min.css HTTP/1.1" 200 4328 "http://10.255.72.27:9111/general.html" "Mozilla/5.0 (Windows NT 6.1; WOW64) AppleWebKit/537.36 (KHTML, like Gecko) Chrome/39.0.2171.95 Safari/537.36 MicroMessenger/6.5.2.501 NetType/WIFI WindowsWechat QBCore/3.43.691.400 QQBrowser/9.0.2524.400"
10.254.124.65 - - [29/Mar/2019:10:41:19 +0800] "GET /assets/bootstrap/css/bootstrap.min.css HTTP/1.1" 200 19671 "http://10.255.72.27:9111/general.html" "Mozilla/5.0 (Windows NT 6.1; WOW64) AppleWebKit/537.36 (KHTML, like Gecko) Chrome/39.0.2171.95 Safari/537.36 MicroMessenger/6.5.2.501 NetType/WIFI WindowsWechat QBCore/3.43.691.400 QQBrowser/9.0.2524.400"
10.254.124.65 - - [29/Mar/2019:10:41:19 +0800] "GET /assets/exporting.js HTTP/1.1" 200 9531 "http://10.255.72.27:9111/general.html" "Mozilla/5.0 (Windows NT 6.1; WOW64) AppleWebKit/537.36 (KHTML, like Gecko) Chrome/39.0.2171.95 Safari/537.36 MicroMessenger/6.5.2.501 NetType/WIFI WindowsWechat QBCore/3.43.691.400 QQBrowser/9.0.2524.400"
10.254.124.65 - - [29/Mar/2019:10:41:19 +0800] "GET /assets/export-csv.js HTTP/1.1" 200 13540 "http://10.255.72.27:9111/general.html" "Mozilla/5.0 (Windows NT 6.1; WOW64) AppleWebKit/537.36 (KHTML, like Gecko) Chrome/39.0.2171.95 Safari/537.36 MicroMessenger/6.5.2.501 NetType/WIFI WindowsWechat QBCore/3.43.691.400 QQBrowser/9.0.2524.400"
10.254.124.65 - - [29/Mar/2019:10:41:19 +0800] "GET /assets/bootstrap/js/bootstrap.min.js HTTP/1.1" 200 25563 "http://10.255.72.27:9111/general.html" "Mozilla/5.0 (Windows NT 6.1; WOW64) AppleWebKit/537.36 (KHTML, like Gecko) Chrome/39.0.2171.95 Safari/537.36 MicroMessenger/6.5.2.501 NetType/WIFI WindowsWechat QBCore/3.43.691.400 QQBrowser/9.0.2524.400"
10.254.124.65 - - [29/Mar/2019:10:41:19 +0800] "GET /assets/jquery.min.js HTTP/1.1" 200 93436 "http://10.255.72.27:9111/general.html" "Mozilla/5.0 (Windows NT 6.1; WOW64) AppleWebKit/537.36 (KHTML, like Gecko) Chrome/39.0.2171.95 Safari/537.36 MicroMessenger/6.5.2.501 NetType/WIFI WindowsWechat QBCore/3.43.691.400 QQBrowser/9.0.2524.400"
10.254.124.65 - - [29/Mar/2019:10:41:19 +0800] "GET /assets/highstock.js HTTP/1.1" 200 258265 "http://10.255.72.27:9111/general.html" "Mozilla/5.0 (Windows NT 6.1; WOW64) AppleWebKit/537.36 (KHTML, like Gecko) Chrome/39.0.2171.95 Safari/537.36 MicroMessenger/6.5.2.501 NetType/WIFI WindowsWechat QBCore/3.43.691.400 QQBrowser/9.0.2524.400"
10.254.21.159 - - [29/Mar/2019:10:41:27 +0800] "GET /files/by_date.html HTTP/1.1" 200 1623 "http://10.255.72.27:9111/authors/best_authors.html" "Mozilla/5.0 (Windows NT 6.1; WOW64) AppleWebKit/537.36 (KHTML, like Gecko) Chrome/39.0.2171.95 Safari/537.36 MicroMessenger/6.5.2.501 NetType/WIFI WindowsWechat QBCore/3.43.1021.400 QQBrowser/9.0.2524.400"
10.254.21.11 - - [29/Mar/2019:10:41:28 +0800] "GET /favicon.ico HTTP/1.1" 302 5 "http://10.255.72.27:9111/authors/jarvan/activity/hour_of_day.html" "Mozilla/5.0 (Windows NT 6.1; Win64; x64) AppleWebKit/537.36 (KHTML, like Gecko) Chrome/73.0.3683.86 Safari/537.36"
10.254.21.11 - - [29/Mar/2019:10:41:28 +0800] "GET /404 HTTP/1.1" 200 1582 "http://10.255.72.27:9111/authors/jarvan/activity/hour_of_day.html" "Mozilla/5.0 (Windows NT 6.1; Win64; x64) AppleWebKit/537.36 (KHTML, like Gecko) Chrome/73.0.3683.86 Safari/537.36"
10.254.124.65 - - [29/Mar/2019:10:41:28 +0800] "GET /activity/by_date.html HTTP/1.1" 200 4789 "http://10.255.72.27:9111/general.html" "Mozilla/5.0 (Windows NT 6.1; WOW64) AppleWebKit/537.36 (KHTML, like Gecko) Chrome/39.0.2171.95 Safari/537.36 MicroMessenger/6.5.2.501 NetType/WIFI WindowsWechat QBCore/3.43.691.400 QQBrowser/9.0.2524.400"
10.254.21.11 - - [29/Mar/2019:10:41:29 +0800] "GET /favicon.ico HTTP/1.1" 302 5 "http://10.255.72.27:9111/authors/jarvan/activity/day_of_week.html" "Mozilla/5.0 (Windows NT 6.1; Win64; x64) AppleWebKit/537.36 (KHTML, like Gecko) Chrome/73.0.3683.86 Safari/537.36"
10.254.21.11 - - [29/Mar/2019:10:41:29 +0800] "GET /404 HTTP/1.1" 200 1582 "http://10.255.72.27:9111/authors/jarvan/activity/day_of_week.html" "Mozilla/5.0 (Windows NT 6.1; Win64; x64) AppleWebKit/537.36 (KHTML, like Gecko) Chrome/73.0.3683.86 Safari/537.36"
10.254.21.159 - - [29/Mar/2019:10:41:30 +0800] "GET /lines/by_date.html HTTP/1.1" 200 1742 "http://10.255.72.27:9111/authors/best_authors.html" "Mozilla/5.0 (Windows NT 6.1; WOW64) AppleWebKit/537.36 (KHTML, like Gecko) Chrome/39.0.2171.95 Safari/537.36 MicroMessenger/6.5.2.501 NetType/WIFI WindowsWechat QBCore/3.43.1021.400 QQBrowser/9.0.2524.400"
10.254.21.11 - - [29/Mar/2019:10:41:30 +0800] "GET /favicon.ico HTTP/1.1" 302 5 "http://10.255.72.27:9111/authors/jarvan/activity/hour_of_week.html" "Mozilla/5.0 (Windows NT 6.1; Win64; x64) AppleWebKit/537.36 (KHTML, like Gecko) Chrome/73.0.3683.86 Safari/537.36"
10.254.21.11 - - [29/Mar/2019:10:41:30 +0800] "GET /404 HTTP/1.1" 200 1582 "http://10.255.72.27:9111/authors/jarvan/activity/hour_of_week.html" "Mozilla/5.0 (Windows NT 6.1; Win64; x64) AppleWebKit/537.36 (KHTML, like Gecko) Chrome/73.0.3683.86 Safari/537.36"
10.254.21.159 - - [29/Mar/2019:10:41:31 +0800] "GET /activity/by_date.html HTTP/1.1" 200 4789 "http://10.255.72.27:9111/lines/by_date.html" "Mozilla/5.0 (Windows NT 6.1; WOW64) AppleWebKit/537.36 (KHTML, like Gecko) Chrome/39.0.2171.95 Safari/537.36 MicroMessenger/6.5.2.501 NetType/WIFI WindowsWechat QBCore/3.43.1021.400 QQBrowser/9.0.2524.400"
10.254.21.11 - - [29/Mar/2019:10:41:31 +0800] "GET /favicon.ico HTTP/1.1" 302 5 "http://10.255.72.27:9111/authors/jarvan/activity/month_of_year.html" "Mozilla/5.0 (Windows NT 6.1; Win64; x64) AppleWebKit/537.36 (KHTML, like Gecko) Chrome/73.0.3683.86 Safari/537.36"
10.254.21.11 - - [29/Mar/2019:10:41:31 +0800] "GET /404 HTTP/1.1" 200 1582 "http://10.255.72.27:9111/authors/jarvan/activity/month_of_year.html" "Mozilla/5.0 (Windows NT 6.1; Win64; x64) AppleWebKit/537.36 (KHTML, like Gecko) Chrome/73.0.3683.86 Safari/537.36"
10.254.21.11 - - [29/Mar/2019:10:41:32 +0800] "GET /favicon.ico HTTP/1.1" 302 5 "http://10.255.72.27:9111/authors/jarvan/activity/year.html" "Mozilla/5.0 (Windows NT 6.1; Win64; x64) AppleWebKit/537.36 (KHTML, like Gecko) Chrome/73.0.3683.86 Safari/537.36"
10.254.21.11 - - [29/Mar/2019:10:41:32 +0800] "GET /404 HTTP/1.1" 200 1582 "http://10.255.72.27:9111/authors/jarvan/activity/year.html" "Mozilla/5.0 (Windows NT 6.1; Win64; x64) AppleWebKit/537.36 (KHTML, like Gecko) Chrome/73.0.3683.86 Safari/537.36"
10.254.21.11 - - [29/Mar/2019:10:41:33 +0800] "GET /favicon.ico HTTP/1.1" 302 5 "http://10.255.72.27:9111/authors/jarvan/activity/year_month.html" "Mozilla/5.0 (Windows NT 6.1; Win64; x64) AppleWebKit/537.36 (KHTML, like Gecko) Chrome/73.0.3683.86 Safari/537.36"
10.254.21.11 - - [29/Mar/2019:10:41:33 +0800] "GET /404 HTTP/1.1" 200 1582 "http://10.255.72.27:9111/authors/jarvan/activity/year_month.html" "Mozilla/5.0 (Windows NT 6.1; Win64; x64) AppleWebKit/537.36 (KHTML, like Gecko) Chrome/73.0.3683.86 Safari/537.36"
10.254.21.11 - - [29/Mar/2019:10:41:35 +0800] "GET /favicon.ico HTTP/1.1" 302 5 "http://10.255.72.27:9111/authors/jarvan/activity/by_date.html" "Mozilla/5.0 (Windows NT 6.1; Win64; x64) AppleWebKit/537.36 (KHTML, like Gecko) Chrome/73.0.3683.86 Safari/537.36"
10.254.21.11 - - [29/Mar/2019:10:41:35 +0800] "GET /404 HTTP/1.1" 200 1582 "http://10.255.72.27:9111/authors/jarvan/activity/by_date.html" "Mozilla/5.0 (Windows NT 6.1; Win64; x64) AppleWebKit/537.36 (KHTML, like Gecko) Chrome/73.0.3683.86 Safari/537.36"
10.254.124.65 - - [29/Mar/2019:10:41:35 +0800] "GET /authors/best_authors.html HTTP/1.1" 200 1393 "http://10.255.72.27:9111/activity/by_date.html" "Mozilla/5.0 (Windows NT 6.1; WOW64) AppleWebKit/537.36 (KHTML, like Gecko) Chrome/39.0.2171.95 Safari/537.36 MicroMessenger/6.5.2.501 NetType/WIFI WindowsWechat QBCore/3.43.691.400 QQBrowser/9.0.2524.400"
10.254.21.11 - - [29/Mar/2019:10:41:35 +0800] "GET /favicon.ico HTTP/1.1" 302 5 "http://10.255.72.27:9111/authors/jarvan/activity/hour_of_day.html" "Mozilla/5.0 (Windows NT 6.1; Win64; x64) AppleWebKit/537.36 (KHTML, like Gecko) Chrome/73.0.3683.86 Safari/537.36"
10.254.21.11 - - [29/Mar/2019:10:41:35 +0800] "GET /404 HTTP/1.1" 200 1582 "http://10.255.72.27:9111/authors/jarvan/activity/hour_of_day.html" "Mozilla/5.0 (Windows NT 6.1; Win64; x64) AppleWebKit/537.36 (KHTML, like Gecko) Chrome/73.0.3683.86 Safari/537.36"
10.254.21.11 - - [29/Mar/2019:10:41:36 +0800] "GET /favicon.ico HTTP/1.1" 302 5 "http://10.255.72.27:9111/authors/jarvan/activity/day_of_week.html" "Mozilla/5.0 (Windows NT 6.1; Win64; x64) AppleWebKit/537.36 (KHTML, like Gecko) Chrome/73.0.3683.86 Safari/537.36"
10.254.21.11 - - [29/Mar/2019:10:41:36 +0800] "GET /404 HTTP/1.1" 200 1582 "http://10.255.72.27:9111/authors/jarvan/activity/day_of_week.html" "Mozilla/5.0 (Windows NT 6.1; Win64; x64) AppleWebKit/537.36 (KHTML, like Gecko) Chrome/73.0.3683.86 Safari/537.36"
10.254.21.11 - - [29/Mar/2019:10:41:37 +0800] "GET /favicon.ico HTTP/1.1" 302 5 "http://10.255.72.27:9111/authors/jarvan/activity/hour_of_week.html" "Mozilla/5.0 (Windows NT 6.1; Win64; x64) AppleWebKit/537.36 (KHTML, like Gecko) Chrome/73.0.3683.86 Safari/537.36"
10.254.21.11 - - [29/Mar/2019:10:41:38 +0800] "GET /404 HTTP/1.1" 200 1582 "http://10.255.72.27:9111/authors/jarvan/activity/hour_of_week.html" "Mozilla/5.0 (Windows NT 6.1; Win64; x64) AppleWebKit/537.36 (KHTML, like Gecko) Chrome/73.0.3683.86 Safari/537.36"
10.254.21.11 - - [29/Mar/2019:10:41:38 +0800] "GET /favicon.ico HTTP/1.1" 302 5 "http://10.255.72.27:9111/authors/jarvan/activity/month_of_year.html" "Mozilla/5.0 (Windows NT 6.1; Win64; x64) AppleWebKit/537.36 (KHTML, like Gecko) Chrome/73.0.3683.86 Safari/537.36"
10.254.21.11 - - [29/Mar/2019:10:41:39 +0800] "GET /404 HTTP/1.1" 200 1582 "http://10.255.72.27:9111/authors/jarvan/activity/month_of_year.html" "Mozilla/5.0 (Windows NT 6.1; Win64; x64) AppleWebKit/537.36 (KHTML, like Gecko) Chrome/73.0.3683.86 Safari/537.36"
10.254.21.11 - - [29/Mar/2019:10:41:40 +0800] "GET /favicon.ico HTTP/1.1" 302 5 "http://10.255.72.27:9111/authors/jarvan/activity/year.html" "Mozilla/5.0 (Windows NT 6.1; Win64; x64) AppleWebKit/537.36 (KHTML, like Gecko) Chrome/73.0.3683.86 Safari/537.36"
10.254.21.11 - - [29/Mar/2019:10:41:40 +0800] "GET /404 HTTP/1.1" 200 1582 "http://10.255.72.27:9111/authors/jarvan/activity/year.html" "Mozilla/5.0 (Windows NT 6.1; Win64; x64) AppleWebKit/537.36 (KHTML, like Gecko) Chrome/73.0.3683.86 Safari/537.36"
10.254.21.11 - - [29/Mar/2019:10:41:41 +0800] "GET /favicon.ico HTTP/1.1" 302 5 "http://10.255.72.27:9111/authors/jarvan/activity/year_month.html" "Mozilla/5.0 (Windows NT 6.1; Win64; x64) AppleWebKit/537.36 (KHTML, like Gecko) Chrome/73.0.3683.86 Safari/537.36"
10.254.21.11 - - [29/Mar/2019:10:41:41 +0800] "GET /404 HTTP/1.1" 200 1582 "http://10.255.72.27:9111/authors/jarvan/activity/year_month.html" "Mozilla/5.0 (Windows NT 6.1; Win64; x64) AppleWebKit/537.36 (KHTML, like Gecko) Chrome/73.0.3683.86 Safari/537.36"
10.254.21.11 - - [29/Mar/2019:10:41:41 +0800] "GET /favicon.ico HTTP/1.1" 302 5 "http://10.255.72.27:9111/authors/jarvan/activity/by_date.html" "Mozilla/5.0 (Windows NT 6.1; Win64; x64) AppleWebKit/537.36 (KHTML, like Gecko) Chrome/73.0.3683.86 Safari/537.36"
10.254.21.11 - - [29/Mar/2019:10:41:41 +0800] "GET /404 HTTP/1.1" 200 1582 "http://10.255.72.27:9111/authors/jarvan/activity/by_date.html" "Mozilla/5.0 (Windows NT 6.1; Win64; x64) AppleWebKit/537.36 (KHTML, like Gecko) Chrome/73.0.3683.86 Safari/537.36"
10.254.21.11 - - [29/Mar/2019:10:41:42 +0800] "GET /general.html HTTP/1.1" 304 0 "http://10.255.72.27:9111/authors/jarvan/activity/by_date.html" "Mozilla/5.0 (Windows NT 6.1; Win64; x64) AppleWebKit/537.36 (KHTML, like Gecko) Chrome/73.0.3683.86 Safari/537.36"
10.254.21.11 - - [29/Mar/2019:10:41:42 +0800] "GET /favicon.ico HTTP/1.1" 302 5 "http://10.255.72.27:9111/general.html" "Mozilla/5.0 (Windows NT 6.1; Win64; x64) AppleWebKit/537.36 (KHTML, like Gecko) Chrome/73.0.3683.86 Safari/537.36"
10.254.21.11 - - [29/Mar/2019:10:41:42 +0800] "GET /404 HTTP/1.1" 200 1582 "http://10.255.72.27:9111/general.html" "Mozilla/5.0 (Windows NT 6.1; Win64; x64) AppleWebKit/537.36 (KHTML, like Gecko) Chrome/73.0.3683.86 Safari/537.36"
10.254.21.11 - - [29/Mar/2019:10:41:53 +0800] "GET /favicon.ico HTTP/1.1" 302 5 "http://10.255.72.27:9111/files/by_date.html" "Mozilla/5.0 (Windows NT 6.1; Win64; x64) AppleWebKit/537.36 (KHTML, like Gecko) Chrome/73.0.3683.86 Safari/537.36"
10.254.21.11 - - [29/Mar/2019:10:41:53 +0800] "GET /404 HTTP/1.1" 200 1582 "http://10.255.72.27:9111/files/by_date.html" "Mozilla/5.0 (Windows NT 6.1; Win64; x64) AppleWebKit/537.36 (KHTML, like Gecko) Chrome/73.0.3683.86 Safari/537.36"
10.254.21.11 - - [29/Mar/2019:10:41:55 +0800] "GET /favicon.ico HTTP/1.1" 302 5 "http://10.255.72.27:9111/lines/by_date.html" "Mozilla/5.0 (Windows NT 6.1; Win64; x64) AppleWebKit/537.36 (KHTML, like Gecko) Chrome/73.0.3683.86 Safari/537.36"
10.254.21.11 - - [29/Mar/2019:10:41:55 +0800] "GET /404 HTTP/1.1" 200 1582 "http://10.255.72.27:9111/lines/by_date.html" "Mozilla/5.0 (Windows NT 6.1; Win64; x64) AppleWebKit/537.36 (KHTML, like Gecko) Chrome/73.0.3683.86 Safari/537.36"
10.254.21.11 - - [29/Mar/2019:10:41:56 +0800] "GET /lines/by_extension.html HTTP/1.1" 200 1351 "http://10.255.72.27:9111/lines/by_date.html" "Mozilla/5.0 (Windows NT 6.1; Win64; x64) AppleWebKit/537.36 (KHTML, like Gecko) Chrome/73.0.3683.86 Safari/537.36"
10.254.21.11 - - [29/Mar/2019:10:41:56 +0800] "GET /favicon.ico HTTP/1.1" 302 5 "http://10.255.72.27:9111/lines/by_extension.html" "Mozilla/5.0 (Windows NT 6.1; Win64; x64) AppleWebKit/537.36 (KHTML, like Gecko) Chrome/73.0.3683.86 Safari/537.36"
10.254.21.11 - - [29/Mar/2019:10:41:56 +0800] "GET /404 HTTP/1.1" 200 1582 "http://10.255.72.27:9111/lines/by_extension.html" "Mozilla/5.0 (Windows NT 6.1; Win64; x64) AppleWebKit/537.36 (KHTML, like Gecko) Chrome/73.0.3683.86 Safari/537.36"
10.254.21.11 - - [29/Mar/2019:10:41:58 +0800] "GET /favicon.ico HTTP/1.1" 302 5 "http://10.255.72.27:9111/lines/by_date.html" "Mozilla/5.0 (Windows NT 6.1; Win64; x64) AppleWebKit/537.36 (KHTML, like Gecko) Chrome/73.0.3683.86 Safari/537.36"
10.254.21.11 - - [29/Mar/2019:10:41:58 +0800] "GET /404 HTTP/1.1" 200 1582 "http://10.255.72.27:9111/lines/by_date.html" "Mozilla/5.0 (Windows NT 6.1; Win64; x64) AppleWebKit/537.36 (KHTML, like Gecko) Chrome/73.0.3683.86 Safari/537.36"
10.254.21.11 - - [29/Mar/2019:10:41:59 +0800] "GET /authors/best_authors.html HTTP/1.1" 304 0 "http://10.255.72.27:9111/lines/by_date.html" "Mozilla/5.0 (Windows NT 6.1; Win64; x64) AppleWebKit/537.36 (KHTML, like Gecko) Chrome/73.0.3683.86 Safari/537.36"
10.254.21.11 - - [29/Mar/2019:10:41:59 +0800] "GET /favicon.ico HTTP/1.1" 302 5 "http://10.255.72.27:9111/authors/best_authors.html" "Mozilla/5.0 (Windows NT 6.1; Win64; x64) AppleWebKit/537.36 (KHTML, like Gecko) Chrome/73.0.3683.86 Safari/537.36"
10.254.21.11 - - [29/Mar/2019:10:41:59 +0800] "GET /404 HTTP/1.1" 200 1582 "http://10.255.72.27:9111/authors/best_authors.html" "Mozilla/5.0 (Windows NT 6.1; Win64; x64) AppleWebKit/537.36 (KHTML, like Gecko) Chrome/73.0.3683.86 Safari/537.36"
10.254.21.159 - - [29/Mar/2019:10:42:14 +0800] "GET /authors/jarvan/author_details/commits_by_date.html HTTP/1.1" 200 4209 "http://10.255.72.27:9111/authors/best_authors.html" "Mozilla/5.0 (Windows NT 6.1; WOW64) AppleWebKit/537.36 (KHTML, like Gecko) Chrome/39.0.2171.95 Safari/537.36 MicroMessenger/6.5.2.501 NetType/WIFI WindowsWechat QBCore/3.43.1021.400 QQBrowser/9.0.2524.400"
10.254.124.65 - - [29/Mar/2019:10:42:15 +0800] "GET /authors/jarvan/author_details/commits_by_date.html HTTP/1.1" 200 4209 "http://10.255.72.27:9111/authors/best_authors.html" "Mozilla/5.0 (Windows NT 6.1; WOW64) AppleWebKit/537.36 (KHTML, like Gecko) Chrome/39.0.2171.95 Safari/537.36 MicroMessenger/6.5.2.501 NetType/WIFI WindowsWechat QBCore/3.43.691.400 QQBrowser/9.0.2524.400"
10.254.21.11 - - [29/Mar/2019:10:42:20 +0800] "GET /authors/jarvan/activity/by_date.html HTTP/1.1" 304 0 "http://10.255.72.27:9111/authors/best_authors.html" "Mozilla/5.0 (Windows NT 6.1; Win64; x64) AppleWebKit/537.36 (KHTML, like Gecko) Chrome/73.0.3683.86 Safari/537.36"
10.254.21.11 - - [29/Mar/2019:10:42:20 +0800] "GET /favicon.ico HTTP/1.1" 302 5 "http://10.255.72.27:9111/authors/jarvan/activity/by_date.html" "Mozilla/5.0 (Windows NT 6.1; Win64; x64) AppleWebKit/537.36 (KHTML, like Gecko) Chrome/73.0.3683.86 Safari/537.36"
10.254.21.11 - - [29/Mar/2019:10:42:20 +0800] "GET /404 HTTP/1.1" 200 1582 "http://10.255.72.27:9111/authors/jarvan/activity/by_date.html" "Mozilla/5.0 (Windows NT 6.1; Win64; x64) AppleWebKit/537.36 (KHTML, like Gecko) Chrome/73.0.3683.86 Safari/537.36"
10.254.124.65 - - [29/Mar/2019:10:42:21 +0800] "GET /files/by_date.html HTTP/1.1" 200 1623 "http://10.255.72.27:9111/authors/jarvan/author_details/commits_by_date.html" "Mozilla/5.0 (Windows NT 6.1; WOW64) AppleWebKit/537.36 (KHTML, like Gecko) Chrome/39.0.2171.95 Safari/537.36 MicroMessenger/6.5.2.501 NetType/WIFI WindowsWechat QBCore/3.43.691.400 QQBrowser/9.0.2524.400"
10.254.124.65 - - [29/Mar/2019:10:42:24 +0800] "GET /lines/by_date.html HTTP/1.1" 200 1742 "http://10.255.72.27:9111/files/by_date.html" "Mozilla/5.0 (Windows NT 6.1; WOW64) AppleWebKit/537.36 (KHTML, like Gecko) Chrome/39.0.2171.95 Safari/537.36 MicroMessenger/6.5.2.501 NetType/WIFI WindowsWechat QBCore/3.43.691.400 QQBrowser/9.0.2524.400"
10.254.21.11 - - [29/Mar/2019:10:42:25 +0800] "GET /files/by_date.html HTTP/1.1" 304 0 "http://10.255.72.27:9111/authors/jarvan/activity/by_date.html" "Mozilla/5.0 (Windows NT 6.1; Win64; x64) AppleWebKit/537.36 (KHTML, like Gecko) Chrome/73.0.3683.86 Safari/537.36"
10.254.21.11 - - [29/Mar/2019:10:42:25 +0800] "GET /favicon.ico HTTP/1.1" 302 5 "http://10.255.72.27:9111/files/by_date.html" "Mozilla/5.0 (Windows NT 6.1; Win64; x64) AppleWebKit/537.36 (KHTML, like Gecko) Chrome/73.0.3683.86 Safari/537.36"
10.254.21.11 - - [29/Mar/2019:10:42:26 +0800] "GET /404 HTTP/1.1" 200 1582 "http://10.255.72.27:9111/files/by_date.html" "Mozilla/5.0 (Windows NT 6.1; Win64; x64) AppleWebKit/537.36 (KHTML, like Gecko) Chrome/73.0.3683.86 Safari/537.36"
10.254.124.65 - - [29/Mar/2019:10:42:26 +0800] "GET /comments/by_date.html HTTP/1.1" 200 1571 "http://10.255.72.27:9111/lines/by_date.html" "Mozilla/5.0 (Windows NT 6.1; WOW64) AppleWebKit/537.36 (KHTML, like Gecko) Chrome/39.0.2171.95 Safari/537.36 MicroMessenger/6.5.2.501 NetType/WIFI WindowsWechat QBCore/3.43.691.400 QQBrowser/9.0.2524.400"
10.254.21.11 - - [29/Mar/2019:10:42:26 +0800] "GET /favicon.ico HTTP/1.1" 302 5 "http://10.255.72.27:9111/lines/by_date.html" "Mozilla/5.0 (Windows NT 6.1; Win64; x64) AppleWebKit/537.36 (KHTML, like Gecko) Chrome/73.0.3683.86 Safari/537.36"
10.254.21.11 - - [29/Mar/2019:10:42:26 +0800] "GET /404 HTTP/1.1" 200 1582 "http://10.255.72.27:9111/lines/by_date.html" "Mozilla/5.0 (Windows NT 6.1; Win64; x64) AppleWebKit/537.36 (KHTML, like Gecko) Chrome/73.0.3683.86 Safari/537.36"
10.254.21.11 - - [29/Mar/2019:10:42:28 +0800] "GET /favicon.ico HTTP/1.1" 302 5 "http://10.255.72.27:9111/lines/by_extension.html" "Mozilla/5.0 (Windows NT 6.1; Win64; x64) AppleWebKit/537.36 (KHTML, like Gecko) Chrome/73.0.3683.86 Safari/537.36"
10.254.21.11 - - [29/Mar/2019:10:42:28 +0800] "GET /404 HTTP/1.1" 200 1582 "http://10.255.72.27:9111/lines/by_extension.html" "Mozilla/5.0 (Windows NT 6.1; Win64; x64) AppleWebKit/537.36 (KHTML, like Gecko) Chrome/73.0.3683.86 Safari/537.36"
10.254.21.11 - - [29/Mar/2019:10:42:34 +0800] "GET /lines/by_date.html HTTP/1.1" 304 0 "http://10.255.72.27:9111/lines/by_extension.html" "Mozilla/5.0 (Windows NT 6.1; Win64; x64) AppleWebKit/537.36 (KHTML, like Gecko) Chrome/73.0.3683.86 Safari/537.36"
10.254.21.11 - - [29/Mar/2019:10:42:35 +0800] "GET /favicon.ico HTTP/1.1" 302 5 "http://10.255.72.27:9111/lines/by_date.html" "Mozilla/5.0 (Windows NT 6.1; Win64; x64) AppleWebKit/537.36 (KHTML, like Gecko) Chrome/73.0.3683.86 Safari/537.36"
10.254.21.11 - - [29/Mar/2019:10:42:35 +0800] "GET /404 HTTP/1.1" 200 1582 "http://10.255.72.27:9111/lines/by_date.html" "Mozilla/5.0 (Windows NT 6.1; Win64; x64) AppleWebKit/537.36 (KHTML, like Gecko) Chrome/73.0.3683.86 Safari/537.36"
10.254.21.11 - - [29/Mar/2019:10:42:59 +0800] "GET /favicon.ico HTTP/1.1" 302 5 "http://10.255.72.27:9111/files/by_date.html" "Mozilla/5.0 (Windows NT 6.1; Win64; x64) AppleWebKit/537.36 (KHTML, like Gecko) Chrome/73.0.3683.86 Safari/537.36"
10.254.21.11 - - [29/Mar/2019:10:42:59 +0800] "GET /404 HTTP/1.1" 200 1582 "http://10.255.72.27:9111/files/by_date.html" "Mozilla/5.0 (Windows NT 6.1; Win64; x64) AppleWebKit/537.36 (KHTML, like Gecko) Chrome/73.0.3683.86 Safari/537.36"
10.254.21.11 - - [29/Mar/2019:10:43:00 +0800] "GET /favicon.ico HTTP/1.1" 302 5 "http://10.255.72.27:9111/authors/best_authors.html" "Mozilla/5.0 (Windows NT 6.1; Win64; x64) AppleWebKit/537.36 (KHTML, like Gecko) Chrome/73.0.3683.86 Safari/537.36"
10.254.21.11 - - [29/Mar/2019:10:43:00 +0800] "GET /404 HTTP/1.1" 200 1582 "http://10.255.72.27:9111/authors/best_authors.html" "Mozilla/5.0 (Windows NT 6.1; Win64; x64) AppleWebKit/537.36 (KHTML, like Gecko) Chrome/73.0.3683.86 Safari/537.36"
10.254.124.65 - - [29/Mar/2019:10:43:02 +0800] "GET /authors/yaqi.wang/activity/by_date.html HTTP/1.1" 200 2384 "http://10.255.72.27:9111/authors/best_authors.html" "Mozilla/5.0 (Windows NT 6.1; WOW64) AppleWebKit/537.36 (KHTML, like Gecko) Chrome/39.0.2171.95 Safari/537.36 MicroMessenger/6.5.2.501 NetType/WIFI WindowsWechat QBCore/3.43.691.400 QQBrowser/9.0.2524.400"
10.254.124.65 - - [29/Mar/2019:10:43:02 +0800] "GET /assets/bootstrap/css/bootstrap.min.css HTTP/1.1" 304 0 "http://10.255.72.27:9111/authors/yaqi.wang/activity/by_date.html" "Mozilla/5.0 (Windows NT 6.1; WOW64) AppleWebKit/537.36 (KHTML, like Gecko) Chrome/39.0.2171.95 Safari/537.36 MicroMessenger/6.5.2.501 NetType/WIFI WindowsWechat QBCore/3.43.691.400 QQBrowser/9.0.2524.400"
10.254.124.65 - - [29/Mar/2019:10:43:02 +0800] "GET /assets/bootstrap/css/bootstrap-responsive.min.css HTTP/1.1" 304 0 "http://10.255.72.27:9111/authors/yaqi.wang/activity/by_date.html" "Mozilla/5.0 (Windows NT 6.1; WOW64) AppleWebKit/537.36 (KHTML, like Gecko) Chrome/39.0.2171.95 Safari/537.36 MicroMessenger/6.5.2.501 NetType/WIFI WindowsWechat QBCore/3.43.691.400 QQBrowser/9.0.2524.400"
10.254.124.65 - - [29/Mar/2019:10:43:02 +0800] "GET /assets/jquery.min.js HTTP/1.1" 304 0 "http://10.255.72.27:9111/authors/yaqi.wang/activity/by_date.html" "Mozilla/5.0 (Windows NT 6.1; WOW64) AppleWebKit/537.36 (KHTML, like Gecko) Chrome/39.0.2171.95 Safari/537.36 MicroMessenger/6.5.2.501 NetType/WIFI WindowsWechat QBCore/3.43.691.400 QQBrowser/9.0.2524.400"
10.254.124.65 - - [29/Mar/2019:10:43:02 +0800] "GET /assets/bootstrap/js/bootstrap.min.js HTTP/1.1" 304 0 "http://10.255.72.27:9111/authors/yaqi.wang/activity/by_date.html" "Mozilla/5.0 (Windows NT 6.1; WOW64) AppleWebKit/537.36 (KHTML, like Gecko) Chrome/39.0.2171.95 Safari/537.36 MicroMessenger/6.5.2.501 NetType/WIFI WindowsWechat QBCore/3.43.691.400 QQBrowser/9.0.2524.400"
10.254.124.65 - - [29/Mar/2019:10:43:02 +0800] "GET /assets/highstock.js HTTP/1.1" 304 0 "http://10.255.72.27:9111/authors/yaqi.wang/activity/by_date.html" "Mozilla/5.0 (Windows NT 6.1; WOW64) AppleWebKit/537.36 (KHTML, like Gecko) Chrome/39.0.2171.95 Safari/537.36 MicroMessenger/6.5.2.501 NetType/WIFI WindowsWechat QBCore/3.43.691.400 QQBrowser/9.0.2524.400"
10.254.124.65 - - [29/Mar/2019:10:43:02 +0800] "GET /assets/exporting.js HTTP/1.1" 304 0 "http://10.255.72.27:9111/authors/yaqi.wang/activity/by_date.html" "Mozilla/5.0 (Windows NT 6.1; WOW64) AppleWebKit/537.36 (KHTML, like Gecko) Chrome/39.0.2171.95 Safari/537.36 MicroMessenger/6.5.2.501 NetType/WIFI WindowsWechat QBCore/3.43.691.400 QQBrowser/9.0.2524.400"
10.254.124.65 - - [29/Mar/2019:10:43:02 +0800] "GET /assets/export-csv.js HTTP/1.1" 304 0 "http://10.255.72.27:9111/authors/yaqi.wang/activity/by_date.html" "Mozilla/5.0 (Windows NT 6.1; WOW64) AppleWebKit/537.36 (KHTML, like Gecko) Chrome/39.0.2171.95 Safari/537.36 MicroMessenger/6.5.2.501 NetType/WIFI WindowsWechat QBCore/3.43.691.400 QQBrowser/9.0.2524.400"
